> 1 | a = 1;
    | ^^^^^
  2 | 
undeclared assignement 

