  1 | {
> 2 |   b = 1;
    |  ^^^^^
  3 | }
  4 | 
undeclared assignement 

