  1 | eval++;
  2 | 
Assigning to 'eval' in strict mode (1:0)
