  1 | let eval = 1;
  2 | 
Binding 'eval' in strict mode (1:4)
