  1 | function f(foo, values) {
  2 |   with (foo) {
  3 |     console.log(values);
  4 |   }
  5 | }
  6 | 
'with' in strict mode (2:2)
