  1 | let private = 1;
  2 | 
Unexpected reserved word 'private' (1:4)
