  1 | arguments++;
  2 | 
Assigning to 'arguments' in strict mode (1:0)
